
> family-zoabi@0.0.0 build
> tsc -b && vite build

src/components/editor/EditorCanvas.tsx(7,46): error TS6133: 'Box' is declared but its value is never read.
src/components/editor/EditorCanvas.tsx(375,43): error TS6133: 'isDragging' is declared but its value is never read.
src/components/editor/EditorCanvas.tsx(563,9): error TS6133: 'commitHistory' is declared but its value is never read.
src/components/editor/EditorCanvas.tsx(601,33): error TS6133: 'draggingId' is declared but its value is never read.
src/components/editor/LayoutsPanel.tsx(13,20): error TS6133: 'currentPageIndex' is declared but its value is never read.
src/components/ui/GoogleLocationPicker.tsx(1,18): error TS6133: 'useEffect' is declared but its value is never read.
