
> family-zoabi@0.0.0 build
> tsc -b && vite build

src/components/catalog/CreateAlbumModal.tsx(3,46): error TS6133: 'MapPin' is declared but its value is never read.
src/components/catalog/CreateAlbumModal.tsx(4,1): error TS6133: 'LocationPicker' is declared but its value is never read.
src/components/editor/LayoutsPanel.tsx(78,25): error TS2769: No overload matches this call.
  Overload 1 of 2, '(values: never, options?: { count?: "exact" | "planned" | "estimated" | undefined; } | undefined): PostgrestFilterBuilder<{ PostgrestVersion: "12"; }, never, never, null, "album_layouts", never, "POST">', gave the following error.
    Argument of type '{ name: string; category: "Symmetric" | "Asymmetric" | "Negative Space" | "Editorial" | "Scrapbook"; image_count: number; aspect_ratio: string; is_spread: boolean; config: LayoutConfig[]; is_active: boolean; }[]' is not assignable to parameter of type 'never'.
  Overload 2 of 2, '(values: never[], options?: { count?: "exact" | "planned" | "estimated" | undefined; defaultToNull?: boolean | undefined; } | undefined): PostgrestFilterBuilder<{ PostgrestVersion: "12"; }, never, never, null, "album_layouts", never, "POST">', gave the following error.
    Argument of type '{ name: string; category: "Symmetric" | "Asymmetric" | "Negative Space" | "Editorial" | "Scrapbook"; image_count: number; aspect_ratio: string; is_spread: boolean; config: LayoutConfig[]; is_active: boolean; }[]' is not assignable to parameter of type 'never[]'.
      Type '{ name: string; category: "Symmetric" | "Asymmetric" | "Negative Space" | "Editorial" | "Scrapbook"; image_count: number; aspect_ratio: string; is_spread: boolean; config: LayoutConfig[]; is_active: boolean; }' is not assignable to type 'never'.
src/components/ui/GoogleLocationPicker.tsx(1,18): error TS6133: 'useEffect' is declared but its value is never read.
src/contexts/AlbumContext.tsx(873,25): error TS2345: Argument of type '{ title: string; description: string | undefined; category: string | undefined; is_published: boolean; hashtags: string[]; location: string | undefined; country: string | undefined; geotag: { ...; } | undefined; config: { ...; }; updated_at: string; }' is not assignable to parameter of type 'never'.
src/data/defaultLayouts.ts(46,129): error TS2741: Property 'z_index' is missing in type '{ top: number; left: number; width: number; height: number; }' but required in type 'LayoutConfig'.
src/data/defaultLayouts.ts(47,124): error TS2741: Property 'z_index' is missing in type '{ top: number; left: number; width: number; height: number; }' but required in type 'LayoutConfig'.
src/data/defaultLayouts.ts(48,129): error TS2741: Property 'z_index' is missing in type '{ top: number; left: number; width: number; height: number; }' but required in type 'LayoutConfig'.
src/data/defaultLayouts.ts(49,130): error TS2741: Property 'z_index' is missing in type '{ top: number; left: number; width: number; height: number; }' but required in type 'LayoutConfig'.
src/data/defaultLayouts.ts(50,125): error TS2741: Property 'z_index' is missing in type '{ top: number; left: number; width: number; height: number; }' but required in type 'LayoutConfig'.
src/data/defaultLayouts.ts(51,126): error TS2741: Property 'z_index' is missing in type '{ top: number; left: number; width: number; height: number; }' but required in type 'LayoutConfig'.
src/data/defaultLayouts.ts(52,124): error TS2741: Property 'z_index' is missing in type '{ top: number; left: number; width: number; height: number; }' but required in type 'LayoutConfig'.
src/data/defaultLayouts.ts(53,124): error TS2741: Property 'z_index' is missing in type '{ top: number; left: number; width: number; height: number; }' but required in type 'LayoutConfig'.
src/data/defaultLayouts.ts(54,127): error TS2741: Property 'z_index' is missing in type '{ top: number; left: number; width: number; height: number; }' but required in type 'LayoutConfig'.
src/data/defaultLayouts.ts(55,127): error TS2741: Property 'z_index' is missing in type '{ top: number; left: number; width: number; height: number; }' but required in type 'LayoutConfig'.
src/data/defaultLayouts.ts(56,126): error TS2741: Property 'z_index' is missing in type '{ top: number; left: number; width: number; height: number; }' but required in type 'LayoutConfig'.
src/data/defaultLayouts.ts(57,129): error TS2741: Property 'z_index' is missing in type '{ top: number; left: number; width: number; height: number; }' but required in type 'LayoutConfig'.
src/data/defaultLayouts.ts(58,127): error TS2741: Property 'z_index' is missing in type '{ top: number; left: number; width: number; height: number; }' but required in type 'LayoutConfig'.
src/data/defaultLayouts.ts(59,128): error TS2741: Property 'z_index' is missing in type '{ top: number; left: number; width: number; height: number; }' but required in type 'LayoutConfig'.
src/data/defaultLayouts.ts(60,131): error TS2741: Property 'z_index' is missing in type '{ top: number; left: number; width: number; height: number; }' but required in type 'LayoutConfig'.
src/data/defaultLayouts.ts(61,132): error TS2741: Property 'z_index' is missing in type '{ top: number; left: number; width: number; height: number; }' but required in type 'LayoutConfig'.
src/data/defaultLayouts.ts(62,129): error TS2741: Property 'z_index' is missing in type '{ top: number; left: number; width: number; height: number; }' but required in type 'LayoutConfig'.
src/data/defaultLayouts.ts(63,127): error TS2741: Property 'z_index' is missing in type '{ top: number; left: number; width: number; height: number; }' but required in type 'LayoutConfig'.
src/data/defaultLayouts.ts(64,123): error TS2741: Property 'z_index' is missing in type '{ top: number; left: number; width: number; height: number; }' but required in type 'LayoutConfig'.
src/data/defaultLayouts.ts(65,127): error TS2741: Property 'z_index' is missing in type '{ top: number; left: number; width: number; height: number; }' but required in type 'LayoutConfig'.
src/data/defaultLayouts.ts(66,126): error TS2741: Property 'z_index' is missing in type '{ top: number; left: number; width: number; height: number; }' but required in type 'LayoutConfig'.
src/data/defaultLayouts.ts(66,178): error TS2741: Property 'z_index' is missing in type '{ top: number; left: number; width: number; height: number; }' but required in type 'LayoutConfig'.
src/data/defaultLayouts.ts(67,121): error TS2741: Property 'z_index' is missing in type '{ top: number; left: number; width: number; height: number; }' but required in type 'LayoutConfig'.
src/data/defaultLayouts.ts(67,173): error TS2741: Property 'z_index' is missing in type '{ top: number; left: number; width: number; height: number; }' but required in type 'LayoutConfig'.
src/data/defaultLayouts.ts(68,124): error TS2741: Property 'z_index' is missing in type '{ top: number; left: number; width: number; height: number; }' but required in type 'LayoutConfig'.
src/data/defaultLayouts.ts(68,176): error TS2741: Property 'z_index' is missing in type '{ top: number; left: number; width: number; height: number; }' but required in type 'LayoutConfig'.
src/data/defaultLayouts.ts(69,125): error TS2741: Property 'z_index' is missing in type '{ top: number; left: number; width: number; height: number; }' but required in type 'LayoutConfig'.
src/data/defaultLayouts.ts(69,177): error TS2741: Property 'z_index' is missing in type '{ top: number; left: number; width: number; height: number; }' but required in type 'LayoutConfig'.
src/data/defaultLayouts.ts(70,126): error TS2741: Property 'z_index' is missing in type '{ top: number; left: number; width: number; height: number; }' but required in type 'LayoutConfig'.
src/data/defaultLayouts.ts(70,178): error TS2741: Property 'z_index' is missing in type '{ top: number; left: number; width: number; height: number; }' but required in type 'LayoutConfig'.
src/data/defaultLayouts.ts(71,122): error TS2741: Property 'z_index' is missing in type '{ top: number; left: number; width: number; height: number; }' but required in type 'LayoutConfig'.
src/data/defaultLayouts.ts(71,174): error TS2741: Property 'z_index' is missing in type '{ top: number; left: number; width: number; height: number; }' but required in type 'LayoutConfig'.
src/data/defaultLayouts.ts(72,127): error TS2741: Property 'z_index' is missing in type '{ top: number; left: number; width: number; height: number; }' but required in type 'LayoutConfig'.
src/data/defaultLayouts.ts(72,180): error TS2741: Property 'z_index' is missing in type '{ top: number; left: number; width: number; height: number; }' but required in type 'LayoutConfig'.
src/data/defaultLayouts.ts(73,127): error TS2741: Property 'z_index' is missing in type '{ top: number; left: number; width: number; height: number; }' but required in type 'LayoutConfig'.
src/data/defaultLayouts.ts(73,180): error TS2741: Property 'z_index' is missing in type '{ top: number; left: number; width: number; height: number; }' but required in type 'LayoutConfig'.
src/data/defaultLayouts.ts(74,128): error TS2741: Property 'z_index' is missing in type '{ top: number; left: number; width: number; height: number; }' but required in type 'LayoutConfig'.
src/data/defaultLayouts.ts(74,181): error TS2741: Property 'z_index' is missing in type '{ top: number; left: number; width: number; height: number; }' but required in type 'LayoutConfig'.
src/data/defaultLayouts.ts(75,128): error TS2741: Property 'z_index' is missing in type '{ top: number; left: number; width: number; height: number; }' but required in type 'LayoutConfig'.
src/data/defaultLayouts.ts(75,180): error TS2741: Property 'z_index' is missing in type '{ top: number; left: number; width: number; height: number; }' but required in type 'LayoutConfig'.
src/data/defaultLayouts.ts(76,123): error TS2741: Property 'z_index' is missing in type '{ top: number; left: number; width: number; height: number; }' but required in type 'LayoutConfig'.
src/data/defaultLayouts.ts(76,175): error TS2741: Property 'z_index' is missing in type '{ top: number; left: number; width: number; height: number; }' but required in type 'LayoutConfig'.
src/data/defaultLayouts.ts(77,126): error TS2741: Property 'z_index' is missing in type '{ top: number; left: number; width: number; height: number; }' but required in type 'LayoutConfig'.
src/data/defaultLayouts.ts(77,180): error TS2741: Property 'z_index' is missing in type '{ top: number; left: number; width: number; height: number; }' but required in type 'LayoutConfig'.
src/data/defaultLayouts.ts(78,125): error TS2741: Property 'z_index' is missing in type '{ top: number; left: number; width: number; height: number; }' but required in type 'LayoutConfig'.
src/data/defaultLayouts.ts(78,177): error TS2741: Property 'z_index' is missing in type '{ top: number; left: number; width: number; height: number; }' but required in type 'LayoutConfig'.
src/data/defaultLayouts.ts(79,126): error TS2741: Property 'z_index' is missing in type '{ top: number; left: number; width: number; height: number; }' but required in type 'LayoutConfig'.
src/data/defaultLayouts.ts(79,178): error TS2741: Property 'z_index' is missing in type '{ top: number; left: number; width: number; height: number; }' but required in type 'LayoutConfig'.
src/data/defaultLayouts.ts(80,126): error TS2741: Property 'z_index' is missing in type '{ top: number; left: number; width: number; height: number; }' but required in type 'LayoutConfig'.
src/data/defaultLayouts.ts(80,180): error TS2741: Property 'z_index' is missing in type '{ top: number; left: number; width: number; height: number; }' but required in type 'LayoutConfig'.
src/data/defaultLayouts.ts(81,126): error TS2741: Property 'z_index' is missing in type '{ top: number; left: number; width: number; height: number; }' but required in type 'LayoutConfig'.
src/data/defaultLayouts.ts(81,179): error TS2741: Property 'z_index' is missing in type '{ top: number; left: number; width: number; height: number; }' but required in type 'LayoutConfig'.
src/data/defaultLayouts.ts(82,125): error TS2741: Property 'z_index' is missing in type '{ top: number; left: number; width: number; height: number; }' but required in type 'LayoutConfig'.
src/data/defaultLayouts.ts(82,178): error TS2741: Property 'z_index' is missing in type '{ top: number; left: number; width: number; height: number; }' but required in type 'LayoutConfig'.
src/data/defaultLayouts.ts(83,123): error TS2741: Property 'z_index' is missing in type '{ top: number; left: number; width: number; height: number; }' but required in type 'LayoutConfig'.
src/data/defaultLayouts.ts(83,175): error TS2741: Property 'z_index' is missing in type '{ top: number; left: number; width: number; height: number; }' but required in type 'LayoutConfig'.
src/data/defaultLayouts.ts(84,127): error TS2741: Property 'z_index' is missing in type '{ top: number; left: number; width: number; height: number; }' but required in type 'LayoutConfig'.
src/data/defaultLayouts.ts(84,180): error TS2741: Property 'z_index' is missing in type '{ top: number; left: number; width: number; height: number; }' but required in type 'LayoutConfig'.
src/hooks/useAlbumAutoSave.ts(6,31): error TS6133: 'isSaving' is declared but its value is never read.
src/pages/MediaLibrary.tsx(259,54): error TS2345: Argument of type 'any' is not assignable to parameter of type 'never'.
src/utils/migrateImages.ts(14,23): error TS6133: 'testQuery' is declared but its value is never read.
src/utils/migrateImages.ts(102,33): error TS2345: Argument of type 'any' is not assignable to parameter of type 'never'.
src/utils/migrateImages.ts(188,33): error TS2345: Argument of type 'any' is not assignable to parameter of type 'never'.
